[
["France", "Paris"],
["China", "Beijing"],
["India", "New Delhi"],
["Japan", "Tokyo"],
["Canada", "Ottawa"],
["Germany", "Berlin"],
["Spain", "Madrid"],
["Russia", "Moscow"],
["Egypt", "Cairo"],
["Australia", "Canberra"],
["England", "London"],
["Greece", "Athens"],
["Italy", "Rome"],
["Singapore", "Singapore"],
["Brasil", "Brasilia"],
["South Africa", "Pretoria (executive) , Bloemfontein (judicial) , Cape Town (legislative)"],
["Ireland", "Dublin"],
["New Zealand", "Wellington"],
["Mexico", "Mexico City"],
["Indonesia", "Jakarta"],
["North Korea", "Pyongyang"],
["Albania", "Tirana"],
["Afghanistan", "Kabul"],
["Algeria", "Algiers"],
["Argentina", "Buenos Aires"],
["Armenia", "Yerevan"],
["Austria", "Vienna"],
["Azerbaijan", "Baku"],
["Bahamas", "Nassau"],
["Bangladesh", "Dhaka"],
["Belarus", "Minsk"],
["Barbados", "Bridgetown"],
["Belgium", "Brussels"],
["Bolivia", "Sucre (constitutional), La Paz (administrative)"],
["Bosnia and Herzegovina", "Sarajevo"],
["Bulgaria", "Sofia"],
["Cambodia", "Phnom Penh"],
["Cameroon", "Yaoundé"],
["Central African Republic", "Bangui"],
["Chile", "Santiago (official), Valparaíso (legislative)"],
["Colombia", "Bogota"],
["Costa Rica", "Jan Hose"],
["Croatia", "Zagreb"],
["Cuba", "Havana"],
["Cyprus", "Nicosia"],
["Czechia", "Prague"],
["Czech Republic", "Prague"],
["Congo", "Kinshasa"],
["Denmark", "Copenhagen"],
["Dominican Republic", "Santo Domingo"],
["Egypt", "Cairo"],
["Estonia", "Tallinn"],
["Ethiopia", "Addis Ababa"],
["Fiji", "Suva"],
["Finland", "Helsinki"],
["Greenland", "Nuuk"],
["Guatemala", "Guatemala City"],
["Guinea", "Conakry"],
["Hungary", "Budapest"],
["Iceland", "Reykjavík"],
["Iran", "Tehran"],
["Iraq", "Banghdad"],
["Israel", "Jerusalem"],
["Palestine", "Jerusalem"],
["Jamaica", "Kingston"],
["Kazakhstan", "Nur-Sultan"],
["Kenya", "Nairobi"],
["Laos", "Vientiane"],
["Lebanon", "Beirut"],
["Libya", "Tripoli"],
["Latvia", "Riga"],
["Liechtenstein", "Vaduz"],
["Lithuania", "Vilnius"],
["Luxembourg", "Luxembourg"],
["Madagascar", "Antananarivo"],
["Malaysia", "Kuala Lumpur (official, legislative and royal), Putrajaya (administrative and judicial)"],
["Maldives", "Male"],
["Malta", "Valleta"],
["Mauritius", "Port Louis"],
["Monaco", "Monaco"],
["Mongolia", "Ulaanbaatar"],
["Morocco", "Rabat"],
["Mazambique", "Maputo"],
["Myanmar", "Naypyidaw"],
["Nepal", "Kathmandu"],
["Netherlands", "Amsterdam"],
["Nicaragua", "Managua"],
["Nigeria", "Abuja"],
["North Macedonia", "Skopje"],
["Norway", "Oslo"],
["Pakistan", "Islamabad"],
["Panama", "Panama"],
["Paraguay", "Asunción"],
["Peru", "Lima"],
["Philippines", "Manila"],
["Poland", "Warsaw"],
["Portugal", "Lisbon"],
["Qatar", "Doha"],
["Romania", "Bucharest"],
["Samoa", "Apia"],
["Saudi Arabia", "Riyadh"],
["Serbia", "Belgrade"],
["Seychelles", "Victoria"],
["Slovakia", "Bratislava"],
["Slovenia", "Ljubljana"],
["Somalia", "Mogadishu"],
["South Korea", "Seoul"],
["Sudan", "Khartoum"],
["Sweden", "Stockholm"],
["Switzerland", "Bern"],
["Syria", "Damascus"],
["Tajikistan", "Dushanbe"],
["Tanzania", "Dodoma (official, legislative), Dar es Salaam (de facto, judicial)"],
["Thailand", "Bangkok"],
["Turkey", "Ankara"],
["Turkmenistan", "Ashgabat"],
["Uganda", "Kampala"],
["Ukraine", "Kiev"],
["United Arab Emirates", "Abu Dhabi"],
["USA", "Washington, D.C."],
["United States", "Washington, D.C."],
["United States of America", "Washington, D.C."],
["United Kingdom", "London"],
["UK", "London"],
["Uruguay", "Montevideo"],
["Venezuela", "Caracas"],
["Vietnam", "Hanoi"],
["Zambia", "Lusaka"],
["Zimbabwe", "Harare"]
]
