[
["Afghanistan", "Afghan afghani"],
["Albania", "Albanian lek"],
["Algeria", "Algerian dinar"],
["Andorra", "Euro"],
["Angola", "Angolan kwanza"],
["Antigua and Barbuda", "East Caribbean dollar"],
["Argentina", "Argentine peso"],
["Armenia", "Armenian dram"],
["Australia", "Australian dollar"],
["Austria", "Euro"],
["Azerbaijan", "Azerbaijani manat"],
["Bahamas", "Bahamian dollar"],
["Bahrain", "Bahraini dinar"],
["Bangladesh", "Bangladeshi taka"],
["Barbados", "Barbadian dollar"],
["Belarus", "Belarusian ruble"],
["Belgium", "Euro"],
["Belize", "Belize dollar"],
["Benin", "West African CFA franc"],
["Bhutan", "Bhutanese ngultrum"],
["Bolivia", "Bolivian boliviano"],
["Bosnia and Herzegovina", "Bosnia and Herzegovina convertible mark"],
["Botswana", "Botswana pula"],
["Brazil", "Brazilian real"],
["Brunei", "Brunei dollar"],
["Bulgaria", "Bulgarian lev"],
["Burkina Faso", "West African CFA franc"],
["Burundi", "Burundian franc"],
["Cambodia", "Cambodian riel"],
["Cameroon", "Central African CFA franc"],
["Canada", "Canadian dollar"],
["Cape Verde", "Cape Verdean escudo"],
["Central African Republic", "Central African CFA franc"],
["Chad", "Central African CFA franc"],
["Chile", "Chilean peso"],
["China", "Chinese yuan"],
["Colombia", "Colombian peso"],
["Comoros", "Comorian franc"],
["Costa Rica", "Costa Rican colón"],
["Croatia", "Croatian kuna"],
["Cuba", "Cuban peso"],
["Cyprus", "Euro"],
["Czech Republic", "Czech koruna"],
["Democratic Republic of Congo", "Congolese franc"],
["Denmark", "Danish krone"],
["Djibouti", "Djiboutian franc"],
["Dominica", "East Caribbean dollar"],
["Dominican Republic", "Dominican peso"],
["East Timor", "United States dollar"],
["Ecuador", "United States dollar"],
["Egypt", "Egyptian pound"],
["El Salvador", "United States dollar"],
["Equatorial Guinea", "Central African CFA franc"],
["Eritrea", "Eritrean nakfa"],
["Estonia", "Euro"],
["Eswatini", "Swazi lilangeni"],
["Ethiopia", "Ethiopian birr"],
["Fiji", "Fijian dollar"],
["Finland", "Euro"],
["France", "Euro"],
["Gabon", "Central African CFA franc"],
["Gambia", "Gambian dalasi"],
["Georgia", "Georgian lari"],
["Germany", "Euro"],
["Ghana", "Ghanaian cedi"],
["Greece", "Euro"],
["Grenada", "East Caribbean dollar"],
["Guatemala", "Guatemalan quetzal"],
["Guinea", "Guinean franc"],
["Guinea-Bissau", "West African CFA franc"],
["Guyana", "Guyanese dollar"],
["Haiti", "Haitian gourde"],
["Honduras", "Honduran lempira"],
["Hungary", "Hungarian forint"],
["Iceland", "Icelandic króna"],
["India", "Indian rupee"],
["Indonesia", "Indonesian rupiah"],
["Iran", "Iranian rial"],
["Iraq", "Iraqi dinar"],
["Ireland", "Euro"],
["Israel", "Israeli new shekel"],
["Italy", "Euro"],
["Ivory Coast", "West African CFA franc"],
["Jamaica", "Jamaican dollar"],
["Japan", "Japanese yen"],
["Jordan", "Jordanian dinar"],
["Kazakhstan", "Kazakhstani tenge"],
["Kenya", "Kenyan shilling"],
["Kiribati", "Australian dollar"],
["Korea, North", "North Korean won"],
["Korea, South", "South Korean won"],
["Kosovo", "Euro"],
["Kuwait", "Kuwaiti dinar"],
["Kyrgyzstan", "Kyrgyzstani som"],
["Laos", "Lao kip"],
["Latvia", "Euro"],
["Lebanon", "Lebanese pound"],
["Lesotho", "Lesotho loti"],
["Liberia", "Liberian dollar"],
["Libya", "Libyan dinar"],
["Liechtenstein", "Swiss franc"],
["Lithuania", "Euro"],
["Luxembourg", "Euro"],
["Madagascar", "Malagasy ariary"],
["Malawi", "Malawian kwacha"],
["Malaysia", "Malaysian ringgit"],
["Maldives", "Maldivian rufiyaa"],
["Mali", "West African CFA franc"],
["Malta", "Euro"],
["Marshall Islands", "United States dollar"],
["Mauritania", "Mauritanian ouguiya"],
["Mauritius", "Mauritian rupee"],
["Mexico", "Mexican peso"],
["Micronesia", "United States dollar"],
["Moldova", "Moldovan leu"],
["Monaco", "Euro"],
["Mongolia", "Mongolian tögrög"],
["Montenegro", "Euro"],
["Morocco", "Moroccan dirham"],
["Mozambique", "Mozambican metical"],
["Myanmar", "Burmese kyat"],
["Namibia", "Namibian dollar"],
["Nauru", "Australian dollar"],
["Nepal", "Nepalese rupee"],
["Netherlands", "Euro"],
["New Zealand", "New Zealand dollar"],
["Nicaragua", "Nicaraguan córdoba"],
["Niger", "West African CFA franc"],
["Nigeria", "Nigerian naira"],
["North Macedonia", "Macedonian denar"],
["Norway", "Norwegian krone"],
["Oman", "Omani rial"],
["Pakistan", "Pakistani rupee"],
["Palau", "United States dollar"],
["Palestine", "Israeli new shekel"],
["Panama", "Panamanian balboa"],
["Papua New Guinea", "Papua New Guinean kina"],
["Paraguay", "Paraguayan guaraní"],
["Peru", "Peruvian sol"],
["Philippines", "Philippine peso"],
["Poland", "Polish zloty"],
["Portugal", "Euro"],
["Qatar", "Qatari riyal"],
["Republic of the Congo", "Central African CFA franc"],
["Romania", "Romanian leu"],
["Russia", "Russian ruble"],
["Rwanda", "Rwandan franc"],
["Saint Kitts and Nevis", "East Caribbean dollar"],
["Saint Lucia", "East Caribbean dollar"],
["Saint Vincent and the Grenadines", "East Caribbean dollar"],
["Samoa", "Samoan tala"],
["San Marino", "Euro"],
["São Tomé and Príncipe", "São Tomé and Príncipe dobra"],
["Saudi Arabia", "Saudi riyal"],
["Senegal", "West African CFA franc"],
["Serbia", "Serbian dinar"],
["Seychelles", "Seychellois rupee"],
["Sierra Leone", "Sierra Leonean leone"],
["Singapore", "Singapore dollar"],
["Slovakia", "Euro"],
["Slovenia", "Euro"],
["Solomon Islands", "Solomon Islands dollar"],
["Somalia", "Somali shilling"],
["South Africa", "South African rand"],
["South Sudan", "South Sudanese pound"],
["Spain", "Euro"],
["Sri Lanka", "Sri Lankan rupee"],
["Sudan", "Sudanese pound"],
["Suriname", "Surinamese dollar"],
["Sweden", "Swedish krona"],
["Switzerland", "Swiss franc"],
["Syria", "Syrian pound"],
["Taiwan", "New Taiwan dollar"],
["Tajikistan", "Tajikistani somoni"],
["Tanzania", "Tanzanian shilling"],
["Thailand", "Thai baht"],
["Togo", "West African CFA franc"],
["Tonga", "Tongan pa'anga"],
["Trinidad and Tobago", "Trinidad and Tobago dollar"],
["Tunisia", "Tunisian dinar"],
["Turkey", "Turkish lira"],
["Turkmenistan", "Turkmenistan manat"],
["Tuvalu", "Australian dollar"],
["Uganda", "Ugandan shilling"],
["Ukraine", "Ukrainian hryvnia"],
["United Arab Emirates", "United Arab Emirates dirham"],
["United Kingdom", "British pound"],
["United States", "United States dollar"],
["Uruguay", "Uruguayan peso"],
["Uzbekistan", "Uzbekistani som"],
["Vanuatu", "Vanuatu vatu"],
["Vatican City", "Euro"],
["Venezuela", "Venezuelan bolívar"],
["Vietnam", "Vietnamese dong"],
["Yemen", "Yemeni rial"],
["Zambia", "Zambian kwacha"],
["Zimbabwe", "United States dollar"]
]
