[
["China", "9,388,211"],
["India", "2,973,190"],
["United States", "9,147,420"],
["Indonesia", "1,811,570"],
["Pakistan", "770,88"],
["Brazil", "8,358,140"],
["Nigeria", "910,77"],
["Bangladesh", "130,17"],
["Russia", "16,376,870"],
["Mexico", "1,943,950"],
["Japan", "364,555"],
["Ethiopia", "1,000,000"],
["Philippines", "298,17"],
["Egypt", "995,45"],
["Vietnam", "310,07"],
["DR Congo", "2,267,050"],
["Turkey", "769,63"],
["Iran", "1,628,550"],
["Germany", "348,56"],
["Thailand", "510,89"],
["United Kingdom", "241,93"],
["France", "547,557"],
["Italy", "294,14"],
["Tanzania", "885,8"],
["South Africa", "1,213,090"],
["Myanmar", "653,29"],
["Kenya", "569,14"],
["South Korea", "97,23"],
["Colombia", "1,109,500"],
["Spain", "498,8"],
["Uganda", "199,81"],
["Argentina", "2,736,690"],
["Algeria", "2,381,740"],
["Sudan", "1,765,048"],
["Ukraine", "579,32"],
["Iraq", "434,32"],
["Afghanistan", "652,86"],
["Poland", "306,23"],
["Canada", "9,093,510"],
["Morocco", "446,3"],
["Saudi Arabia", "2,149,690"],
["Uzbekistan", "425,4"],
["Peru", "1,280,000"],
["Angola", "1,246,700"],
["Malaysia", "328,55"],
["Mozambique", "786,38"],
["Ghana", "227,54"],
["Yemen", "527,97"],
["Nepal", "143,35"],
["Venezuela", "882,05"],
["Madagascar", "581,795"],
["Cameroon", "472,71"],
["Côte d'Ivoire", "318"],
["North Korea", "120,41"],
["Australia", "7,682,300"],
["Niger", "1,266,700"],
["Taiwan", "35,41"],
["Sri Lanka", "62,71"],
["Burkina Faso", "273,6"],
["Mali", "1,220,190"],
["Romania", "230,17"],
["Malawi", "94,28"],
["Chile", "743,532"],
["Kazakhstan", "2,699,700"],
["Zambia", "743,39"],
["Guatemala", "107,16"],
["Ecuador", "248,36"],
["Syria", "183,63"],
["Netherlands", "33,72"],
["Senegal", "192,53"],
["Cambodia", "176,52"],
["Chad", "1,259,200"],
["Somalia", "627,34"],
["Zimbabwe", "386,85"],
["Guinea", "245,72"],
["Rwanda", "24,67"],
["Benin", "112,76"],
["Burundi", "25,68"],
["Tunisia", "155,36"],
["Bolivia", "1,083,300"],
["Belgium", "30,28"],
["Haiti", "27,56"],
["Cuba", "106,44"],
["South Sudan", "610,952"],
["Dominican Republic", "48,32"],
["Czech Republic (Czechia)", "77,24"],
["Greece", "128,9"],
["Jordan", "88,78"],
["Portugal", "91,59"],
["Azerbaijan", "82,658"],
["Sweden", "410,34"],
["Honduras", "111,89"],
["United Arab Emirates", "83,6"],
["Hungary", "90,53"],
["Tajikistan", "139,96"],
["Belarus", "202,91"],
["Austria", "82,409"],
["Papua New Guinea", "452,86"],
["Serbia", "87,46"],
["Israel", "21,64"],
["Switzerland", "39,516"],
["Togo", "54,39"],
["Sierra Leone", "72,18"],
["Hong Kong", "1,05"],
["Laos", "230,8"],
["Paraguay", "397,3"],
["Bulgaria", "108,56"],
["Libya", "1,759,540"],
["Lebanon", "10,23"],
["Nicaragua", "120,34"],
["Kyrgyzstan", "191,8"],
["El Salvador", "20,72"],
["Turkmenistan", "469,93"],
["Singapore", "700"],
["Denmark", "42,43"],
["Finland", "303,89"],
["Congo", "341,5"],
["Slovakia", "48,088"],
["Norway", "365,268"],
["Oman", "309,5"],
["State of Palestine", "6,02"],
["Costa Rica", "51,06"],
["Liberia", "96,32"],
["Ireland", "68,89"],
["Central African Republic", "622,98"],
["New Zealand", "263,31"],
["Mauritania", "1,030,700"],
["Panama", "74,34"],
["Kuwait", "17,82"],
["Croatia", "55,96"],
["Moldova", "32,85"],
["Georgia", "69,49"],
["Eritrea", "101"],
["Uruguay", "175,02"],
["Bosnia and Herzegovina", "51"],
["Mongolia", "1,553,560"],
["Armenia", "28,47"],
["Jamaica", "10,83"],
["Qatar", "11,61"],
["Albania", "27,4"],
["Puerto Rico", "8,87"],
["Lithuania", "62,674"],
["Namibia", "823,29"],
["Gambia", "10,12"],
["Botswana", "566,73"],
["Gabon", "257,67"],
["Lesotho", "30,36"],
["North Macedonia", "25,22"],
["Slovenia", "20,14"],
["Guinea-Bissau", "28,12"],
["Latvia", "62,2"],
["Bahrain", "760"],
["Equatorial Guinea", "28,05"],
["Trinidad and Tobago", "5,13"],
["Estonia", "42,39"],
["Timor-Leste", "14,87"],
["Mauritius", "2,03"],
["Cyprus", "9,24"],
["Eswatini", "17,2"],
["Djibouti", "23,18"],
["Fiji", "18,27"],
["Réunion", "2,5"],
["Comoros", "1,861"],
["Guyana", "196,85"],
["Bhutan", "38,117"],
["Solomon Islands", "27,99"],
["Macao", "30"],
["Montenegro", "13,45"],
["Luxembourg", "2,59"],
["Western Sahara", "266"],
["Suriname", "156"],
["Cabo Verde", "4,03"],
["Micronesia", "700"],
["Maldives", "300"],
["Malta", "320"],
["Brunei", "5,27"],
["Guadeloupe", "1,69"],
["Belize", "22,81"],
["Bahamas", "10,01"],
["Martinique", "1,06"],
["Iceland", "100,25"],
["Vanuatu", "12,19"],
["French Guiana", "82,2"],
["Barbados", "430"],
["New Caledonia", "18,28"],
["French Polynesia", "3,66"],
["Mayotte", "375"],
["Sao Tome & Principe", "960"],
["Samoa", "2,83"],
["Saint Lucia", "610"],
["Channel Islands", "190"],
["Guam", "540"],
["Curaçao", "444"],
["Kiribati", "810"],
["Grenada", "340"],
["St. Vincent & Grenadines", "390"],
["Aruba", "180"],
["Tonga", "720"],
["U.S. Virgin Islands", "350"],
["Seychelles", "460"],
["Antigua and Barbuda", "440"],
["Isle of Man", "570"],
["Andorra", "470"],
["Dominica", "750"],
["Cayman Islands", "240"],
["Bermuda", "50"],
["Marshall Islands", "180"],
["Northern Mariana Islands", "460"],
["Greenland", "410,45"],
["American Samoa", "200"],
["Saint Kitts & Nevis", "260"],
["Faeroe Islands", "1,396"],
["Sint Maarten", "34"],
["Monaco", "1"],
["Turks and Caicos", "950"],
["Saint Martin", "53"],
["Liechtenstein", "160"],
["San Marino", "60"],
["Gibraltar", "10"],
["British Virgin Islands", "150"],
["Caribbean Netherlands", "328"],
["Palau", "460"],
["Cook Islands", "240"],
["Anguilla", "90"],
["Tuvalu", "30"],
["Wallis & Futuna", "140"],
["Nauru", "20"],
["Saint Barthelemy", "21"],
["Saint Helena", "390"],
["Saint Pierre & Miquelon", "230"],
["Montserrat", "100"],
["Falkland Islands", "12,17"],
["Niue", "260"],
["Tokelau", "10"],
["Holy See", "0"]
]
